
> server@1.0.0 db:migrate
> drizzle-kit migrate

No config path provided, using default 'drizzle.config.ts'
Reading config file '/home/proabeni/Projects/GeoQuest/server/drizzle.config.ts'
Using 'postgres' driver for database querying
[⣷] applying migrations...{
  severity_local: 'NOTICE',
  severity: 'NOTICE',
  code: '42P06',
  message: 'schema "drizzle" already exists, skipping',
  file: 'schemacmds.c',
  line: '132',
  routine: 'CreateSchemaCommand'
}
{
  severity_local: 'NOTICE',
  severity: 'NOTICE',
  code: '42P07',
  message: 'relation "__drizzle_migrations" already exists, skipping',
  file: 'parse_utilcmd.c',
  line: '208',
  routine: 'transformCreateStmt'
}
[2K[1G[✓] migrations applied successfully!